src/controllers/clientController.ts(20,9): error TS2322: Type 'string | string[]' is not assignable to type 'string | StringFilter<"Client"> | undefined'.
  Type 'string[]' is not assignable to type 'string | StringFilter<"Client"> | undefined'.
src/controllers/clientController.ts(64,9): error TS2322: Type 'string | string[]' is not assignable to type 'string | StringFilter<"Client"> | undefined'.
  Type 'string[]' is not assignable to type 'string | StringFilter<"Client"> | undefined'.
src/controllers/clientController.ts(88,9): error TS2322: Type 'string | string[]' is not assignable to type 'string | StringFilter<"Client"> | undefined'.
  Type 'string[]' is not assignable to type 'string | StringFilter<"Client"> | undefined'.
src/controllers/invoiceController.ts(3,10): error TS2614: Module '"../utils/pdfGenerator"' has no exported member 'generateInvoicePdf'. Did you mean to use 'import generateInvoicePdf from "../utils/pdfGenerator"' instead?
src/controllers/productController.ts(20,9): error TS2322: Type 'string | string[]' is not assignable to type 'string | StringFilter<"Product"> | undefined'.
  Type 'string[]' is not assignable to type 'string | StringFilter<"Product"> | undefined'.
src/controllers/productController.ts(64,9): error TS2322: Type 'string | string[]' is not assignable to type 'string | StringFilter<"Product"> | undefined'.
  Type 'string[]' is not assignable to type 'string | StringFilter<"Product"> | undefined'.
src/controllers/productController.ts(90,9): error TS2322: Type 'string | string[]' is not assignable to type 'string | StringFilter<"Product"> | undefined'.
  Type 'string[]' is not assignable to type 'string | StringFilter<"Product"> | undefined'.
